[
  {
    "entries": [
      {
        "logName": "projects/fakeproject/logs/test",
        "resource": {
          "labels": {
            "location": "global",
            "namespace": "",
            "node_id": ""
          },
          "type": "generic_node"
        },
        "textPayload": "true",
        "timestamp": "2025-01-15T21:25:10.997977393Z"
      }
    ],
    "partialSuccess": true
  }
]
